2025-05-29 10:37:13: [info] "Parsed: XML data (0.00mb), found 2 trades and 0 FX mappings" 
2025-05-29 10:37:13: [info] "Parsed: XML data (0.01mb), found 4 trades and 0 FX mappings" 
2025-05-29 10:37:13: [info] "Parsed: XML data (0.00mb), found 4 trades and 2 FX mappings" 
2025-05-29 10:37:13: [info] "Found 1 trades still open" 
2025-05-29 10:37:13: [info] "Parsed: XML data (0.00mb), found 5 trades and 0 FX mappings" 
2025-05-29 10:37:13: [info] "Parsed: XML data (0.00mb), found 4 trades and 2 FX mappings" 
2025-05-29 10:37:13: [info] "Parsed: XML data (0.00mb), found 4 trades and 2 FX mappings" 
2025-05-29 10:37:13: [info] "Parsed: XML data (0.00mb), found 4 trades and 2 FX mappings" 
2025-05-29 10:37:13: [info] "Parsed: XML data (0.00mb), found 2 trades and 0 FX mappings" 
2025-05-29 10:37:13: [info] "Parsed: XML data (0.00mb), found 4 trades and 2 FX mappings" 
2025-05-29 10:37:13: [info] "Parsed: XML data (0.00mb), found 2 trades and 0 FX mappings" 
2025-05-29 10:37:13: [info] "Found 1 trades still open" 
2025-05-29 10:37:13: [info] "Adding: SPY SPY ETF... (STOCK) (TYPE_A) 2021-01-11: qty=10 paid=9010, received=10000, pnl=990" 
2025-05-29 10:37:13: [info] "Adding:  OMXS30 MAR15 1565 P (OPTION) (TYPE_A) 2020-01-10: qty=1 paid=1398, received=0, pnl=-1398" 
2025-05-29 10:37:13: [info] "Adding: APC  (OPTION) (TYPE_A) 2017-09-22 14:21: qty=1 paid=4079, received=598, pnl=-3481" 
2025-05-29 10:37:13: [info] "Skipping trade with < 1SEK: IWM  (OPTION) (TYPE_A) 2017-09-22 14:21: qty=1 paid=547, received=0, pnl=0" 
2025-05-29 10:37:13: [info] "Skipping trade with < 1SEK: SPY  (STOCK) (TYPE_A) 2020-01-10: qty=0 paid=0, received=0, pnl=1" 
2025-05-29 10:37:13: [info] "Adding: SPY  (STOCK) (TYPE_A) 2020-01-10: qty=0 paid=0, received=0, pnl=2" 
2025-05-29 10:37:13: [info] "Adding: SPY  (STOCK) (TYPE_A) 2020-01-10: qty=0 paid=0, received=0, pnl=9" 
2025-05-29 10:37:13: [info] "Skipping trade with < 1SEK: M2KU1  (FUTURE) (TYPE_A) 2021-01-11: qty=1 paid=110960, received=110960, pnl=0" 
2025-05-29 10:37:13: [info] "Found C;O statement: M2KU1  (FUTURE) (TYPE_A) 2021-01-11: qty=2 paid=224060, received=110955, pnl=-1075" 
2025-05-29 10:37:13: [info] "Adding: M2KU1  (FUTURE) (TYPE_A) 2021-01-11: qty=2 paid=224060, received=110955, pnl=-1075" 
2025-05-29 10:37:13: [info] "Adding: M2KU1  (FUTURE) (TYPE_A) 2021-01-11: qty=1 paid=112035, received=111600, pnl=-435" 
2025-05-29 10:37:13: [info] "Adding: SPY ... (STOCK) (TYPE_A) 2020-01-10: qty=100 paid=8199, received=9109, pnl=910" 
2025-05-29 10:37:13: [info] "Adding: QQQ ... (STOCK) (TYPE_A) 2020-01-10: qty=100 paid=9109, received=8199, pnl=-910" 
2025-05-29 10:37:13: [info] "Adding: SPY ... (STOCK) (TYPE_A) 2020-01-10: qty=100 paid=8199, received=9109, pnl=910" 
2025-05-29 10:37:13: [info] "Adding: QQQ ... (STOCK) (TYPE_A) 2020-01-10: qty=100 paid=9109, received=8199, pnl=-910" 
2025-05-29 10:37:13: [info] "Adding: SPY ... (STOCK) (TYPE_A) 2020-01-10: qty=100 paid=8199, received=9109, pnl=910" 
2025-05-29 10:37:13: [info] "Adding: QQQ ... (STOCK) (TYPE_A) 2020-01-10: qty=100 paid=9109, received=8199, pnl=-910" 
2025-05-29 10:37:13: [info] "Adding: SPY ... (STOCK) (TYPE_A) 2020-01-10: qty=100 paid=8199, received=9109, pnl=910" 
2025-05-29 10:37:13: [info] "Adding: QQQ ... (STOCK) (TYPE_A) 2020-01-10: qty=100 paid=9109, received=8199, pnl=-910" 
2025-05-29 10:37:13: [info] "Adding: SPY ... (STOCK) (TYPE_A) 2020-01-10: qty=100 paid=8199, received=9109, pnl=910" 
2025-05-29 10:37:13: [info] "Adding: MCLX1 ... (FUTURE) (TYPE_D) 2021-01-11: qty=1 paid=10010, received=10100, pnl=90" 
2025-05-29 10:37:13: [info] "Adding: MCLX1 ... (FUTURE) (TYPE_D) 2021-01-11: qty=1 paid=10110, received=10000, pnl=-110" 
2025-05-29 10:37:13: [info] "Adding: SPY ... (STOCK) (TYPE_A) 2021-01-11: qty=100 paid=9100, received=10010, pnl=1000" 
2025-05-29 10:37:13: [info] "Adding: MNQM1 ... (FUTURE) (TYPE_A) 2021-01-11: qty=1 paid=9010, received=10010, pnl=1000" 
2025-05-29 10:37:13: [info] "Adding: MCLM1 ... (FUTURE) (TYPE_D) 2021-01-11: qty=1 paid=9010, received=10010, pnl=1000" 
2025-05-29 10:37:13: [info] "Generating SRU packages for 3 statements with 3500 statements per file" 
2025-05-29 10:37:13: [info] "Handling 2 TYPE_A, 1 TYPE_D in package" 
2025-05-29 10:37:13: [info] "Adding: SPY ... (STOCK) (TYPE_A) 2021-01-11: qty=100 paid=9100, received=10010, pnl=1000" 
2025-05-29 10:37:13: [info] "Adding: MNQM1 ... (FUTURE) (TYPE_A) 2021-01-11: qty=1 paid=9010, received=10010, pnl=1000" 
2025-05-29 10:37:13: [info] "Adding: MCLM1 ... (FUTURE) (TYPE_D) 2021-01-11: qty=1 paid=9010, received=10010, pnl=1000" 
2025-05-29 10:37:13: [info] "Generating SRU packages for 3 statements with 3500 statements per file" 
2025-05-29 10:37:13: [info] "Handling 2 TYPE_A, 1 TYPE_D in package" 
2025-05-29 10:38:36: [info] "Parsed: XML data (0.00mb), found 2 trades and 0 FX mappings" 
2025-05-29 10:38:36: [info] "Parsed: XML data (0.01mb), found 4 trades and 0 FX mappings" 
2025-05-29 10:38:36: [info] "Parsed: XML data (0.00mb), found 4 trades and 2 FX mappings" 
2025-05-29 10:38:36: [info] "Found 1 trades still open" 
2025-05-29 10:38:36: [info] "Parsed: XML data (0.00mb), found 5 trades and 0 FX mappings" 
2025-05-29 10:38:36: [info] "Parsed: XML data (0.00mb), found 4 trades and 2 FX mappings" 
2025-05-29 10:38:36: [info] "Parsed: XML data (0.00mb), found 4 trades and 2 FX mappings" 
2025-05-29 10:38:36: [info] "Parsed: XML data (0.00mb), found 4 trades and 2 FX mappings" 
2025-05-29 10:38:36: [info] "Parsed: XML data (0.00mb), found 2 trades and 0 FX mappings" 
2025-05-29 10:38:36: [info] "Parsed: XML data (0.00mb), found 4 trades and 2 FX mappings" 
2025-05-29 10:38:36: [info] "Parsed: XML data (0.00mb), found 2 trades and 0 FX mappings" 
2025-05-29 10:38:36: [info] "Found 1 trades still open" 
2025-05-29 10:38:36: [info] "Adding: SPY SPY ETF... (STOCK) (TYPE_A) 2021-01-11: qty=10 paid=9010, received=10000, pnl=990" 
2025-05-29 10:38:36: [info] "Adding:  OMXS30 MAR15 1565 P (OPTION) (TYPE_A) 2020-01-10: qty=1 paid=1398, received=0, pnl=-1398" 
2025-05-29 10:38:36: [info] "Adding: APC  (OPTION) (TYPE_A) 2017-09-22 14:21: qty=1 paid=4079, received=598, pnl=-3481" 
2025-05-29 10:38:36: [info] "Skipping trade with < 1SEK: IWM  (OPTION) (TYPE_A) 2017-09-22 14:21: qty=1 paid=547, received=0, pnl=0" 
2025-05-29 10:38:36: [info] "Skipping trade with < 1SEK: SPY  (STOCK) (TYPE_A) 2020-01-10: qty=0 paid=0, received=0, pnl=1" 
2025-05-29 10:38:36: [info] "Adding: SPY  (STOCK) (TYPE_A) 2020-01-10: qty=0 paid=0, received=0, pnl=2" 
2025-05-29 10:38:36: [info] "Adding: SPY  (STOCK) (TYPE_A) 2020-01-10: qty=0 paid=0, received=0, pnl=9" 
2025-05-29 10:38:36: [info] "Skipping trade with < 1SEK: M2KU1  (FUTURE) (TYPE_A) 2021-01-11: qty=1 paid=110960, received=110960, pnl=0" 
2025-05-29 10:38:36: [info] "Found C;O statement: M2KU1  (FUTURE) (TYPE_A) 2021-01-11: qty=2 paid=224060, received=110955, pnl=-1075" 
2025-05-29 10:38:36: [info] "Adding: M2KU1  (FUTURE) (TYPE_A) 2021-01-11: qty=2 paid=224060, received=110955, pnl=-1075" 
2025-05-29 10:38:36: [info] "Adding: M2KU1  (FUTURE) (TYPE_A) 2021-01-11: qty=1 paid=112035, received=111600, pnl=-435" 
2025-05-29 10:38:36: [info] "Adding: SPY ... (STOCK) (TYPE_A) 2020-01-10: qty=100 paid=8199, received=9109, pnl=910" 
2025-05-29 10:38:36: [info] "Adding: QQQ ... (STOCK) (TYPE_A) 2020-01-10: qty=100 paid=9109, received=8199, pnl=-910" 
2025-05-29 10:38:36: [info] "Adding: SPY ... (STOCK) (TYPE_A) 2020-01-10: qty=100 paid=8199, received=9109, pnl=910" 
2025-05-29 10:38:36: [info] "Adding: QQQ ... (STOCK) (TYPE_A) 2020-01-10: qty=100 paid=9109, received=8199, pnl=-910" 
2025-05-29 10:38:36: [info] "Adding: SPY ... (STOCK) (TYPE_A) 2020-01-10: qty=100 paid=8199, received=9109, pnl=910" 
2025-05-29 10:38:36: [info] "Adding: QQQ ... (STOCK) (TYPE_A) 2020-01-10: qty=100 paid=9109, received=8199, pnl=-910" 
2025-05-29 10:38:36: [info] "Adding: SPY ... (STOCK) (TYPE_A) 2020-01-10: qty=100 paid=8199, received=9109, pnl=910" 
2025-05-29 10:38:36: [info] "Adding: QQQ ... (STOCK) (TYPE_A) 2020-01-10: qty=100 paid=9109, received=8199, pnl=-910" 
2025-05-29 10:38:36: [info] "Adding: SPY ... (STOCK) (TYPE_A) 2020-01-10: qty=100 paid=8199, received=9109, pnl=910" 
2025-05-29 10:38:36: [info] "Adding: MCLX1 ... (FUTURE) (TYPE_D) 2021-01-11: qty=1 paid=10010, received=10100, pnl=90" 
2025-05-29 10:38:36: [info] "Adding: MCLX1 ... (FUTURE) (TYPE_D) 2021-01-11: qty=1 paid=10110, received=10000, pnl=-110" 
2025-05-29 10:38:36: [info] "Adding: SPY ... (STOCK) (TYPE_A) 2021-01-11: qty=100 paid=9100, received=10010, pnl=1000" 
2025-05-29 10:38:36: [info] "Adding: MNQM1 ... (FUTURE) (TYPE_A) 2021-01-11: qty=1 paid=9010, received=10010, pnl=1000" 
2025-05-29 10:38:36: [info] "Adding: MCLM1 ... (FUTURE) (TYPE_D) 2021-01-11: qty=1 paid=9010, received=10010, pnl=1000" 
2025-05-29 10:38:36: [info] "Generating SRU packages for 3 statements with 3500 statements per file" 
2025-05-29 10:38:36: [info] "Handling 2 TYPE_A, 1 TYPE_D in package" 
2025-05-29 10:38:36: [info] "Adding: SPY ... (STOCK) (TYPE_A) 2021-01-11: qty=100 paid=9100, received=10010, pnl=1000" 
2025-05-29 10:38:36: [info] "Adding: MNQM1 ... (FUTURE) (TYPE_A) 2021-01-11: qty=1 paid=9010, received=10010, pnl=1000" 
2025-05-29 10:38:36: [info] "Adding: MCLM1 ... (FUTURE) (TYPE_D) 2021-01-11: qty=1 paid=9010, received=10010, pnl=1000" 
2025-05-29 10:38:36: [info] "Generating SRU packages for 3 statements with 3500 statements per file" 
2025-05-29 10:38:36: [info] "Handling 2 TYPE_A, 1 TYPE_D in package" 
